ansalaza@vbox-ubuntu-desktop-20:~$ sudo git --version
[sudo] password for ansalaza: 
sudo: git: command not found
ansalaza@vbox-ubuntu-desktop-20:~$ sudo apt-get update
Hit:1 http://mx.archive.ubuntu.com/ubuntu focal InRelease
Get:2 http://mx.archive.ubuntu.com/ubuntu focal-updates InRelease [114 kB]
Get:3 http://security.ubuntu.com/ubuntu focal-security InRelease [114 kB]
Get:4 http://mx.archive.ubuntu.com/ubuntu focal-backports InRelease [108 kB]
Get:5 http://mx.archive.ubuntu.com/ubuntu focal-updates/main amd64 Packages [1 793 kB]
Get:6 http://security.ubuntu.com/ubuntu focal-security/main amd64 Packages [1 453 kB]
Get:7 http://mx.archive.ubuntu.com/ubuntu focal-updates/main i386 Packages [652 kB]
Get:8 http://mx.archive.ubuntu.com/ubuntu focal-updates/main amd64 DEP-11 Metadata [278 kB]     
Get:9 http://mx.archive.ubuntu.com/ubuntu focal-updates/main amd64 c-n-f Metadata [15.2 kB]               
Get:10 http://mx.archive.ubuntu.com/ubuntu focal-updates/universe i386 Packages [679 kB]           
Get:11 http://security.ubuntu.com/ubuntu focal-security/main i386 Packages [434 kB]          
Get:12 http://mx.archive.ubuntu.com/ubuntu focal-updates/universe amd64 Packages [924 kB]     
Get:13 http://security.ubuntu.com/ubuntu focal-security/main amd64 DEP-11 Metadata [40.7 kB]                                                                                                              
Get:14 http://security.ubuntu.com/ubuntu focal-security/main amd64 c-n-f Metadata [10.2 kB]                                                                                                               
Get:15 http://security.ubuntu.com/ubuntu focal-security/universe amd64 Packages [703 kB]                                                                                                                  
Get:16 http://mx.archive.ubuntu.com/ubuntu focal-updates/universe amd64 DEP-11 Metadata [390 kB]                                                                                                          
Get:17 http://mx.archive.ubuntu.com/ubuntu focal-updates/universe amd64 c-n-f Metadata [20.7 kB]                                                                                                          
Get:18 http://mx.archive.ubuntu.com/ubuntu focal-updates/multiverse amd64 DEP-11 Metadata [940 B]                                                                                                         
Get:19 http://mx.archive.ubuntu.com/ubuntu focal-backports/main amd64 DEP-11 Metadata [7 964 B]                                                                                                           
Get:20 http://mx.archive.ubuntu.com/ubuntu focal-backports/universe amd64 DEP-11 Metadata [30.8 kB]                                                                                                       
Get:21 http://security.ubuntu.com/ubuntu focal-security/universe amd64 DEP-11 Metadata [66.1 kB]                                                                                                          
Get:22 http://security.ubuntu.com/ubuntu focal-security/universe amd64 c-n-f Metadata [14.5 kB]                                                                                                           
Get:23 http://security.ubuntu.com/ubuntu focal-security/multiverse amd64 DEP-11 Metadata [2 468 B]                                                                                                        
Fetched 7 852 kB in 9s (912 kB/s)                                                                                                                                                                         
Reading package lists... Done
ansalaza@vbox-ubuntu-desktop-20:~$ sudo apt-get install git -y
Reading package lists... Done
Building dependency tree       
Reading state information... Done
The following packages were automatically installed and are no longer required:
  libfwupdplugin1 libllvm11 linux-headers-5.8.0-43-generic linux-hwe-5.8-headers-5.8.0-43 linux-image-5.8.0-43-generic linux-modules-5.8.0-43-generic linux-modules-extra-5.8.0-43-generic
Use 'sudo apt autoremove' to remove them.
Suggested packages:
  git-daemon-run | git-daemon-sysvinit git-doc git-el git-email git-gui gitk gitweb git-cvs git-mediawiki git-svn
The following NEW packages will be installed:
  git
0 upgraded, 1 newly installed, 0 to remove and 51 not upgraded.
Need to get 0 B/4 560 kB of archives.
After this operation, 36.5 MB of additional disk space will be used.
Selecting previously unselected package git.
(Reading database ... 193630 files and directories currently installed.)
Preparing to unpack .../git_1%3a2.25.1-1ubuntu3.4_amd64.deb ...
Unpacking git (1:2.25.1-1ubuntu3.4) ...
Setting up git (1:2.25.1-1ubuntu3.4) ...
ansalaza@vbox-ubuntu-desktop-20:~$ sudo git --version
git version 2.25.1
ansalaza@vbox-ubuntu-desktop-20:~$ sudo cat /etc/os-release
NAME="Ubuntu"
VERSION="20.04.4 LTS (Focal Fossa)"
ID=ubuntu
ID_LIKE=debian
PRETTY_NAME="Ubuntu 20.04.4 LTS"
VERSION_ID="20.04"
HOME_URL="https://www.ubuntu.com/"
SUPPORT_URL="https://help.ubuntu.com/"
BUG_REPORT_URL="https://bugs.launchpad.net/ubuntu/"
PRIVACY_POLICY_URL="https://www.ubuntu.com/legal/terms-and-policies/privacy-policy"
VERSION_CODENAME=focal
UBUNTU_CODENAME=focal
ansalaza@vbox-ubuntu-desktop-20:~$ 

